{
  "commit": true,
  "tag": true,
  "current_version": "1.0.0",
  "parse": "(?P<major>\\d+)\\.(?P<minor>\\d+)\\.(?P<patch>\\d+)(\\-(?P<release>[a-z]+))?",
  "serialize": [
    "{major}.{minor}.{patch}-{release}",
    "{major}.{minor}.{patch}"
  ],
  "files": [
    {
      "filename": "setup.py"
    },
    {
      "filename": "bumpversion/__init__.py"
    },
    {
      "filename": "CHANGELOG.md",
      "search": "**unreleased**",
      "replace": "**unreleased**\n**v{new_version}**"
    }
  ],
  "parts": {
    "release": {
      "optional_value": "gamma",
      "values": [
        "dev",
        "gamma"
      ]
    }
  }
}
