#rank,cc,Fish-z,rel-z,x,y,z,a11,a12,a13,a21,a22,a23,a31,a32,a33
1,0.231,0.235,9.298,162.710,113.590,187.270,0.000,-0.797,-0.604,0.000,0.604,-0.797,1.000,0.000,0.000
