-- basic.sql - Basic tests for pg_steadytext extension
-- AIDEV-NOTE: This tests core functionality of the extension
-- Test extension creation
CREATE EXTENSION IF NOT EXISTS pg_steadytext CASCADE;
NOTICE:  pg_steadytext Python environment initialized successfully
-- Test version function
SELECT steadytext_version();
 steadytext_version 
--------------------
 1.2.0
(1 row)

-- Test configuration
SELECT steadytext_config_get('daemon_host');
 steadytext_config_get 
-----------------------
 "localhost"
(1 row)

SELECT steadytext_config_set('test_key', 'test_value');
 steadytext_config_set 
-----------------------
 
(1 row)

SELECT steadytext_config_get('test_key');
 steadytext_config_get 
-----------------------
 test_value
(1 row)

-- Test daemon status (may fail if daemon not running)
SELECT * FROM steadytext_daemon_status();
 daemon_id | status  |       endpoint        |      last_heartbeat       | uptime_seconds 
-----------+---------+-----------------------+---------------------------+----------------
 default   | unknown | tcp://localhost:5555  | (timestamp)               | (seconds)
(1 row)

-- Test text generation
SELECT length(steadytext_generate('Hello world', 10)) > 0 AS has_output;
 has_output 
------------
 t
(1 row)

-- Test embedding generation  
SELECT vector_dims(steadytext_embed('Test text')) = 1024 AS correct_dims;
 correct_dims 
--------------
 t
(1 row)

-- Test cache stats
SELECT * FROM steadytext_cache_stats();
 total_entries | total_size_mb | cache_hit_rate | avg_access_count | oldest_entry | newest_entry 
---------------+---------------+----------------+------------------+--------------+--------------
 (entries)     | (size)        | (rate)         | (count)          | (timestamp)  | (timestamp)
(1 row)

-- Cleanup test config
DELETE FROM steadytext_config WHERE key = 'test_key';
DELETE 1