# serializer version: 1
# name: test_get_ptz_capabilities
  PtzCapabilityData(pan=True, tilt=True, zoom=False, preset=True, tour=True, pan_min=1.0, pan_max=354.0, pan_speed_min=1, pan_speed_max=255, tilt_min=-4.0, tilt_max=79.0, tilt_speed_min=1, tilt_speed_max=1, zoom_min=1.0, zoom_max=1.0, preset_min=1, preset_max=25, tour_min=1, tour_max=8, supported_directions=[<Direction.DOWN: 'DOWN'>, <Direction.LEFT: 'LEFT'>, <Direction.RIGHT: 'RIGHT'>, <Direction.UP: 'UP'>])
# ---
# name: test_get_storage_info
  list([
    StorageDeviceInfo(is_error=False, path='/mnt/sd', type='ReadWrite', cant_hot_plug=False, total_bytes=997703680, used_bytes=26353664, life_percent=0.0, state='Success', sd_encrypt_flag=0, health_data_flag=0, name='/dev/mmc0'),
  ])
# ---
# name: test_get_video_image_control
  list([
    VideoImageControl(flip=False, freeze=False, mirror=False, rotate_90=<Rotate90Flag.COUNTERCLOCKWISE_90: 2>, stable=0),
  ])
# ---
# name: test_get_video_in_day_night
  list([
    list([
      VideoDayNight(delay_seconds=6, mode=<VideoMode.BRIGHTNESS: 'Brightness'>, sensitivity=<Sensitivity.MEDIUM: 2>, type=<VideoDayNightType.MECHANISM: 'Mechanism'>),
      VideoDayNight(delay_seconds=6, mode=<VideoMode.BRIGHTNESS: 'Brightness'>, sensitivity=<Sensitivity.MEDIUM: 2>, type=<VideoDayNightType.MECHANISM: 'Mechanism'>),
      VideoDayNight(delay_seconds=6, mode=<VideoMode.BRIGHTNESS: 'Brightness'>, sensitivity=<Sensitivity.MEDIUM: 2>, type=<VideoDayNightType.MECHANISM: 'Mechanism'>),
    ]),
  ])
# ---
# name: test_lighting
  list([
    list([
      list([
        Lighting(mode='Manual', correction='50', middle_light=Light(angle=50, light=100), light_type='InfraredLight', sensitivity=<Sensitivity.HIGH: 3>),
      ]),
      list([
        Lighting(mode='Manual', correction='50', middle_light=Light(angle=50, light=100), light_type='InfraredLight', sensitivity=<Sensitivity.HIGH: 3>),
      ]),
      list([
        Lighting(mode='Auto', correction='50', middle_light=Light(angle=50, light=100), light_type='InfraredLight', sensitivity=<Sensitivity.HIGH: 3>),
      ]),
    ]),
  ])
# ---
# name: test_read_fixed_config
  Config(device_type='IP4M-1041B', hardware_version='1.00', machine_name='AMC0TEST_CAMERA', max_extra_stream=1, network={'DefaultInterface': 'eth0', 'Domain': 'dauha', 'Hostname': 'IPC', 'eth0': {'DefaultGateway': '10.0.0.1', 'DhcpEnable': 'true', 'DnsAutoGet': 'false', 'DnsServers': {0: '8.8.8.8', 1: '8.8.4.4'}, 'EnableDhcpReservedIP': 'false', 'IPAddress': 'localhost', 'MTU': '1500', 'PhysicalAddress': 'a0:60:32:ff:ff:ff', 'SubnetMask': '255.0.0.0'}, 'eth2': {'DefaultGateway': '10.0.0.0', 'DhcpEnable': 'true', 'DnsAutoGet': 'false', 'DnsServers': {0: '8.8.8.8', 1: '8.8.4.4'}, 'EnableDhcpReservedIP': 'false', 'IPAddress': '', 'MTU': '1500', 'PhysicalAddress': 'a0:60:32:ff:ff:ff', 'SubnetMask': '255.0.0.0'}}, ptz_capabilities=PtzCapabilityData(pan=True, tilt=True, zoom=False, preset=True, tour=True, pan_min=1.0, pan_max=354.0, pan_speed_min=1, pan_speed_max=255, tilt_min=-4.0, tilt_max=79.0, tilt_speed_min=1, tilt_speed_max=1, zoom_min=1.0, zoom_max=1.0, preset_min=1, preset_max=25, tour_min=1, tour_max=8, supported_directions=[<Direction.DOWN: 'DOWN'>, <Direction.LEFT: 'LEFT'>, <Direction.RIGHT: 'RIGHT'>, <Direction.UP: 'UP'>]), serial_number='AMC00123456789ABCDEF', session_physical_address='a0:60:32:ff:ff:ff', supported_events=['AudioAnomaly', 'AudioMutation', 'LoginFailure', 'SafetyAbnormal', 'StorageFailure', 'StorageLowSpace', 'StorageNotExist', 'VideoBlind', 'VideoMotion', 'FaceDetection'], supported_streams={<StreamType.MAIN: 0>: <StreamTypeName.MAIN: 'Main'>, <StreamType.SUBSTREAM1: 1>: <StreamTypeName.SUBSTREAM1: 'Sub Stream 1'>}, software_version='2.800.00AC006.0.R,build:2023-10-27')
# ---
# name: test_read_ptz_config
  list([
    PtzPresetData(index='1', name='Preset1'),
    PtzPresetData(index='2', name='Preset2'),
    PtzPresetData(index='3', name='Preset3'),
    PtzPresetData(index='5', name='Preset5'),
  ])
# ---
