# serializer version: 1
# name: test_parse_json
  dict({
    'proxy': dict({
      'IP': '10.1.2.3',
      'Port': 8080,
    }),
    'way': 0,
  })
# ---
# name: test_parse_key_value_table
  dict({
    'General': dict({
      'LocalNo': '8',
      'LockLoginEnable': 'true',
      'LockLoginTimes': '30',
      'LoginFailLockTime': '300',
      'MachineName': 'AMC05820_4FEB51',
      'MaxOnlineTime': '3600',
    }),
  })
# ---
# name: test_parse_key_value_with_array
  dict({
    'Snap': dict({
      0: dict({
        'HolidayEnable': 'false',
        'TimeSection': dict({
          0: dict({
            0: '6 00:00:00-23:59:59',
            1: '0 00:00:00-23:59:59',
            2: '0 00:00:00-23:59:59',
            3: '0 00:00:00-23:59:59',
            4: '0 00:00:00-23:59:59',
            5: '0 00:00:00-23:59:59',
          }),
          1: dict({
            0: '6 00:00:00-23:59:59',
            1: '0 00:00:00-23:59:59',
            2: '0 00:00:00-23:59:59',
            3: '0 00:00:00-23:59:59',
            4: '0 00:00:00-23:59:59',
            5: '0 00:00:00-23:59:59',
          }),
          2: dict({
            0: '6 00:00:00-23:59:59',
            1: '0 00:00:00-23:59:59',
            2: '0 00:00:00-23:59:59',
            3: '0 00:00:00-23:59:59',
            4: '0 00:00:00-23:59:59',
            5: '0 00:00:00-23:59:59',
          }),
          3: dict({
            0: '6 00:00:00-23:59:59',
            1: '0 00:00:00-23:59:59',
            2: '0 00:00:00-23:59:59',
            3: '0 00:00:00-23:59:59',
            4: '0 00:00:00-23:59:59',
            5: '0 00:00:00-23:59:59',
          }),
          4: dict({
            0: '6 00:00:00-23:59:59',
            1: '0 00:00:00-23:59:59',
            2: '0 00:00:00-23:59:59',
            3: '0 00:00:00-23:59:59',
            4: '0 00:00:00-23:59:59',
            5: '0 00:00:00-23:59:59',
          }),
          5: dict({
            0: '6 00:00:00-23:59:59',
            1: '0 00:00:00-23:59:59',
            2: '0 00:00:00-23:59:59',
            3: '0 00:00:00-23:59:59',
            4: '0 00:00:00-23:59:59',
            5: '0 00:00:00-23:59:59',
          }),
          6: dict({
            0: '6 00:00:00-23:59:59',
            1: '0 00:00:00-23:59:59',
            2: '0 00:00:00-23:59:59',
            3: '0 00:00:00-23:59:59',
            4: '0 00:00:00-23:59:59',
            5: '0 00:00:00-23:59:59',
          }),
          7: dict({
            0: '6 00:00:00-23:59:59',
            1: '0 00:00:00-23:59:59',
            2: '0 00:00:00-23:59:59',
            3: '0 00:00:00-23:59:59',
            4: '0 00:00:00-23:59:59',
            5: '0 00:00:00-23:59:59',
          }),
        }),
      }),
    }),
  })
# ---
